1
3846
2691
2186
3190
2937
2804
1989
2855
2664
126478
122689
134141
130915
129887
131526
119341
120303
123387
124243
633594
611035
635097
628326
631672
620517
598476
617695
617692
611090
