1
3846
2691
2186
3190
2937
2804
1989
2855
2664
126478
122689
134141
130915
129887
131526
119341
120303
123387
124243
