5
3
1
1
2
3
4
3
3
0
11
38
25
14
11
16
7
37
5
29
12
5
47
54
15
12
25
36
9
22
