41
0
31
33
0
37
0
154
0
0
0
0
102
22
0
21
19
94
18
0
