1
4
2
2
2
5
4
4
4
3
3
3
1
1
0
11
11
11
7
7
7
2
2
49
44
40
37
32
27
19
12
6
468
424
368
330
282
239
189
139
81
1849
1644
1449
1236
1048
883
717
528
314
