1
4
1
1
1
5
3
3
3
3
3
3
1
1
0
9
9
9
9
9
9
2
2
17
15
13
11
11
8
7
4
1
23
20
16
14
14
9
7
2
1
1850
1639
1418
1228
1045
880
710
530
317
