50
49
27
1
1
200
197
196
117
102
87
7
5
4
510
504
499
322
264
220
32
24
15
1143
1136
1122
689
588
498
74
56
31
1967
1952
1929
1207
1049
866
98
69
28
2034
2016
1991
1256
1085
911
97
70
30
