0
5
7
5
13
3
8
0
0
14
15
11
5
17
10
11
17
13
24
16
180
321
226
189
259
164
135
352
232
149
323
23
0
0
8
0
168
61
0
0
28624
23016
25304
24121
12348
38997
9971
48977
9575
2976
0
0
0
0
0
0
0
0
0
0
338518
335386
329726
329688
325628
333076
336950
337186
337799
330291
14470
10776
0
0
4984
12800
23401
14016
9184
4773
337559
341569
337028
342614
324619
347077
337685
342340
340327
336910
0
0
0
0
0
0
0
0
0
0
