32
8
16
25
17
10
27
10
7
8
39
23
37
32
35
29
52
41
47
27
544
984
737
792
780
975
849
793
641
450
824
858
848
797
642
507
938
433
738
835
209155
204307
193064
176962
194633
192308
179991
184417
198238
180207
5162
9515
7963
11936
7855
8855
9368
8409
10886
4928
357147
366107
351313
349854
358716
355251
345138
365885
352355
352676
216866
194675
190307
169257
204285
199142
199986
202229
194714
177458
350312
355493
335600
342367
351875
363662
341710
358913
355922
361851
8463
9315
9290
12095
7168
11111
10573
5900
9724
8204
