4
13
9
5
0
8
12
17
4
22
22
4
1
26
23
35
17
26
21
27
123
214
101
17
171
128
132
266
114
42
0
31
31
0
18
0
27
0
0
88
1716
1917
0
0
0
0
0
2268
3273
12192
0
0
0
0
0
0
0
0
0
0
338264
336450
327503
346034
330245
345673
338303
338776
335288
340662
6677
0
0
0
0
9698
14460
8947
0
0
334302
334742
330438
332520
339459
332387
340498
345561
340172
336959
0
0
0
0
0
0
0
0
0
0
