5390 6
10558 8
560 1
213 1
745 1
20 2
9 4
5 5
3 3
4 4
