5390 6
10558 8
560 1
213 1
745 1
20 2
9 4
5 5
3 3
4 4
525525 6
1047222 7
560 1
213 1
745 1
20 2
9 4
458 13
265 22
346 11
