378846
250955
264747
360716
275026
375446
253503
361857
365581
362365
