404820
400010
320065
472365
70329380534885
521138034746897
526365959081826
539322574801095
516810301818612
547713893634347
