1464
1302
1185
1192
1279
1109
1287
1167
1080
1069
