43924
43632
43798
43440
43768
43156
43210
43787
44002
44004
