8308
8083
8266
7763
8206
8091
8216
8149
8334
8030
