13
19747
47
9512
118
18895
1006
30356
1170
15250
3179
41493
3678
38157
2193
58287
1004
85576
1148
90226
510
671
1915
2024
2078
78268
88830
34425
95866
37957
