4
7
7
13
7
19
7
2
23
14
43
50
246
70
0
2965
2342
272
54
18
16773
4246
3964
2535
506
1280
320
168
246
147
