6
2
14
98
29
29
7
57
39
16
347
277
954
151
172
41034
19964
2796
1131
686
249974
67676
27676
31434
22510
17737
6978
13524
5000
5106
