15
18997
57
45527
314
62810
2335
76947
3897
54201
16939
151287
5005
143363
4093
239003
8231
286955
28183
24006
25306
36055
5360
14639
19794
240154
521946
279608
115531
272571
