1 100
1 99
29 2768
40 3948
34 3373
0 0
70 6903
80 7895
43 4277
5 500
74 7330
55 5433
38 3789
14 1374
36 3522
55 5447
2 200
11 1089
33 3265
59 5842
2 200
0 0
33 3268
55 5468
59 5835
0 0
56 5554
66 6515
12 1200
12 1197
