10 824
20 1856
26 2485
29 2776
16 1490
27 2606
25 2359
25 2369
16 1489
23 2140
18 1704
21 2011
27 2520
20 1844
27 2558
16 1438
18 1680
22 2047
31 2969
28 2687
27 2567
20 1879
25 2341
19 1760
20 1849
27 2566
26 2464
24 2230
25 2355
25 2356
