10 919
20 1929
20 1967
27 2630
28 2699
28 2693
27 2618
17 1686
24 2340
28 2699
18 1782
25 2437
23 2253
24 2345
24 2334
25 2438
27 2629
20 1930
21 2046
19 1865
26 2525
23 2262
30 2901
21 2079
25 2458
27 2618
26 2512
18 1781
21 2074
25 2456
