2 200
1 100
22 2144
27 2642
15 1480
1 100
21 2056
25 2443
6 598
4 398
11 1097
23 2263
21 2005
10 980
20 1975
13 1296
3 300
2 200
27 2626
17 1680
1 100
2 200
26 2528
15 1483
3 300
1 100
23 2245
23 2234
11 1082
3 299
