1 95
1 100
14 1390
16 1580
2 200
0 0
20 1963
15 1475
1 100
1 100
12 1199
22 2133
1 100
0 0
22 2165
30 2921
1 100
1 100
9 893
22 2158
2 200
0 0
8 799
25 2428
2 200
1 100
10 997
21 2058
2 200
1 100
