1
2
5
10
40
40
40
40
1
2
5
10
50
160
160
160
160
1
2
5
50
200
200
200
200
200
1
5
0
0
