1
2
5
10
32
36
34
35
1
2
5
10
50
154
156
156
152
1
2
5
50
195
196
196
196
193
1
5
0
0
