9
171
9503
196
14
62353
45
52889
35238
25588
969
235686
23
78289
1266101
60370
69768
8
22828
20666
17400
14699
14689
14904
18516
23689
15493
23062
10
309
