2
2
3
6
4
5
2
6
6
6
9
6
4
8
7
8
7
6
6
6
8
3
5
4
9
4
10
5
1
2
