981
6
19
2
45845
475
337
18311
18225
94
17871
15
35279
632
55
828
57877
1298799
7163
4349
13821
23991
10688
15158
32571
20265
18082
17556
689
895
