816
555
44290
8083
25510
9297
27313
26810
6
19540
773
11
922
39
9368
5
26638
51445
26932
649904
72204
246413
36209
17936
88394
8932
741
27386
4
8
