no
no
-179
-58
no
62173225
82944
no
42
no
11943936
55
115
-46
5
78400
67
75
-130
46
