Yes.
No.
Yes.
Yes.
Yes.
Yes.
Yes.
Yes.
No.
Yes.
No.
No.
Yes.
Yes.
Yes.
Yes.
No.
No.
No.
