153
394
3140
3165
7302
4533
5955
2804
4221
1813
10438
1456
11071
1034
7700
1793
9356
1104
9918
1146
8506
1676
8014
1847
9902
1400
9601
694
5480
1507
