5
15
52
1573
1491
814133
812761
811875
812517
811839
201998410
202006230
201999624
202023084
202023734
