no
5
74573
76535
77655
248305
744999
1027
201
145
181
113
121
45110575
45031111
45015015
100402017
299994999
1115
1925
1485
1333
817
735
