no
5
77597
76077
79315
245489
744999
1027
241
127
133
113
119
