0
0
0
0
0
0
0
49
16
9
7
5
37
196
189
169
143
119
67
26
