343
335
328
322
318
310
305
297
291
284
276
194
131
90
46
23
6
1
0
0
