42
20
68
41
53
32
33
66
23
53
57
88
44
23
64
34
54
67
71
44
