43
71
65
46
62
40
42
80
47
30
146
140
121
157
520
