gjj aaab jjh egj djj aaab jfi egg jej dih ddh hhg hhj fjj egj djj hcj hii ajj hdh jbi eeg jej hah hhi aaab hhj ehi bcj cdi gih hcj fbi bij fjj chi cij fej dig fhi bfh ici aff bai cah aaab jgj hii fej fii jgj aei eaj ajj bfi hhh chi hji bji cbh cij adi cbi ajj jjj egj dai jej egh gih ebj fhj aej eci jdj fgf fij hbi bai aig jdj bfh ebj eci hbi hcj dag adj fej jcg jgj aig hgi dfj bfh cej cag hji fdg egj igj adj bgj ehh bjh ajj ajj bjh ecj dij hbj jgj jaj fhi chi hhi ihh cbi gbh dcf fhj jii fej aaab hbi bfj dij bef bcj aag gjj jej iij fhi dih cij dih fhj jji acj hhj fij bcj bfi adj fei hhi ggh djj fjj gch hah fhj hgi haj hhj jbi gdf egi bcj dch jbi haj gcg dfj bfj aei jii eci fcj aaab hji fej gih gjh jgj hhh hbj dih dhg fcj egj jjj ieg cbi bfj hii hcj cbi iij djg hhi jfi adi bfj ebj idg aaab gdi fjj fdj jgj bji hgi jdi hji dih egj aaab ehh dih fhi bgh gfi hjh adj ecj egi idj bch gjj bjh dch egj gjj gjj aaab dii igh jgj cej hhj ajj aig bfj adj cah jfi jfj dci ggh fdj aaab fbg hah gjj dig iij cci aih jgj hcj adj jjh iei ebh ebj hfh bji jbi egi bgj ajj bjh fei fcj jii egi ebh egj egj dfj cah bji dcg chi hji ehj hdh hcj gch gch ebj dai beg jgj idg fjj idj bfi ajj gfj aei gdi hcj djj cah jfi ihh fej hbi dij bej jdj eei iij iij bfj jaj bgj djj dji hfh fhj ajj jej fcj gdf jgj djj bjg hfg fii hhj bgh bfi gif jbi ddh ici egh egj bhh djj cgh gjj jfi gih bbj gih jag fej gjj fii hbj ggh hji feh adj ajj hjf fdj eaj bjg jdj bej bai ajj jbi bii jai ebj iei bai fdj ffj chh hji ffj fjh ggh ajj gch ceh bfj gjh fij jii iij bfj adi ghf iei aej bji bhj ajj hgi igh aij bfh ieg egg dej ajg jbi gig daj baj adi egj bjg ici bfj aii ebh ebj gfi cdi hhi fdj fhj aej fij aaab ddh eaj ehh ehj jfi bgj ebj feh dgg bii hhj eaj ihh hbi jjj cij bfj bii eag baj jch ehj cdi ebj ddh igj fhj chh fhj fhj bcj dji cah djg hcj egj ajj cbg fhi jgj fcj cgh chi jfg dih cah egj jfi hah ebj djj cdi jii gjh iei chi ajj gji fej cci aaab hcj ebj igg cah bej iij jaj ggg bbj eag jaj jcg bcj dfj daj dcg aaab ehi fij caj gjj dij dij bah gdi ajj ajj djj ghf jai aaab fij ajj fej hhi aii ggf idj dfj dej bfg fcj bfh hgi cdh bch dij ajj ajj fdj cbh dai gfj hhj hhj jfj hhi ebj jfj dji djj hhj beh iij hgi bfi bfj ehj eii aij bbj jai bej hbi bcj iij fcj ddh afi gjj bji jai gjj cej aij bcj gji bhj gfj feh bdf jjj cah egj gjj adi gdi adi iij ddh egg bhj jji bfj bij egh hhi jbi aff gai ajj adj adj bcj aih iij egj igh aaab ceh fhi ehh fej djj chi bji haj fjj bfi eaj aaab ggf eaj adi jji adj bij ajj bfi gjj cbh gfi hji jfi hcj daj caj ajj jej jbj iei adj djj fhj fej ehj iij acj hhj ici bbj fij ajj hcj bij ajj fhj fjj gdi cej bej fij cij hcj aii jii eaj iif agg hgi cbg fdj gjj egj dfj aej cci bji jdi hhi hjh fhi iii hji ecj fbi bfj gjj ehj fij bfi jdg aih hjh dhj eaj adj igh dhj egj baj dih bgj fij gjj fjj hfh bcj cdg bbj dej dej bgh dfj ejh acj dai jai cij bji feh gjj gdi jjg dhg ecj dgi eaj jdf afi ahf bij fhi egj cih fcj daj fei bfg adj gcg djg adj bij gjj chi dai eeg hgi jdi fbg gih feh ebj bgj jji fei jii hcj egj gjj egi ici ffi hgi dij daj jgj hfh hhj gjj fij fdj afi aih ici djg adh djj bfg jej jai djg dij jej chh jgj iij jgj fjj dij adj cdi dai bbj jej dai bfj egi gfi fej hhj hjh chh bej dgh dii fdj fjj ffj dfj cah fij egi dih dai fej igj gih cdh djg hah aaab gjj hah hcj idj hfg jjj jai djg ehh gjj bii bfh jii fcj fjh dji hgi fcj jfj aei fhi bfi bgj ajj jbj gfi fej bgj dig dji dej bgh gih gch hhi adi dfj hhj ebj adj bgj aif beg aij egj egj jgj gfi hcj bfj ffi jej hah bcj dfj djj hah bfi fjj dih hdh fhi ehj hii gjh ffi acg gfi iij bah jfi bfi hbj bcj chi fii hbi fij ebj haj bhj fdj fdj cah dai bbj fhi adj aii bcj aeh aej eaj fhj gfj jfi ffj hhi egh jjj hji hbj jjg gji hgi ihh gjj cdi dih jji ahh ggg gjj fhj ehi gfj hhh ffi egj adi gbh bcj ajj bfh ecj gfj bjh dcg hbj adj cej jdj aaab bfi igh jfi dej gjj adj igg ajj dfj bhj bij afi hhj aaab egh jfg bfj cjf hii jai fij bjg aeg ehj fdj ajj ffj bji bfg aih egj cgf egj afi bjg dih egh fij fjj iij jji egj fij aij iii jjj fdj iii dhj ehi dji fej aaab djf afi ajj ehh dci
dci dij bgj aih acg dej hcj iej ddj gfh gjj adj gig iii fbj dbj fbj bfi dii hih hgi jbj hhj fdh fbj iij aij ggh aji dah hfj jgj dhj jgj dii aji efh hcg hfj fjj fbj jbj fhi cfj aii aji cij fej eii jbj cej ccj gej ajj hhj fgi cbi jij beg bgi fjj egi jaj ach hhj egi hhi jaj fci aij aaj jjj jgj hih jci ajj aij fgi adj fih dbj bgi faj iej hhg ahh aaab faj ech ajj bgi jbi efj gjf dcj hhi jgj fjj jdj fjj ahi bfh fah hdj aii ifi fcj dbg aij ajj aaab fei hai efj iej ddj cfj ajj cfj fbj dij jfh dfi heh ejh ejh iej beh iej hfj egj hjj faj ajj bgj fjj dhj dhj gjg dhj jbj egj hfj ijh dbj eii cdg fgg cih dfi bgj jah ech bjg jdi fcj beh ech hgj heh ggi dai bef fbj dij hfj fhh fei fei fdj ajj dhj efh ajj iij cjg jgj cej faj hjj dbj hfj faj jah aij hhj gjj dij ijf dij dhg aaj ebg gej fbj aaab cih cfj ijg fcj iej aaj fdj faj adj ijh aaab dij aij ddj faj aaab bfh ajj aij fah aji fif adj aii jbi dij afi hjj jah fjj jjj fif efj aij ccj fdh jai jbj hfj fjj cej hhj aff iei iej jgi iej aij dih jgh gej aij efj aii iii dih dbj ejh aij ebi ajj adg ddj faj jaj dhh hhi fah ddj jhi ddj iei dai abi eei feg hhj aaj fjj faj gfi dij faj fdh cei bjh chi fbi ebh bgj ccj fci ifi heh jjg dhj bej gfh fgg hjj efj eii eeh hij eii ihh jci cfj egj fbj adj cei aaab aii fjj jgi dij hfj dij hhh aji iii efh aaj chi iej ecg ijg fci fei jgh ddj iei hfj fjh dij hfj jdj dij jbi gbg adj hdi eii eii eei egi jaj fcj cbj efj jdj aij gjj gjj bej ijh hhi cej dah afg jfh fei bgj iei dhj cej ifi aii bfi dij bej ajj fbi afi gfh egj gji hfg fbj chg cij hjj fbj jaj dii ajj jhi bgi fcj ajj dbj ebh bgg gjh dcf eei bgi jjg cfj hjj dbj aij beh aaab bhh ieg adj dhj eii ajj gfi iij fdh aji ajj cej hej hdj hjj jhf ebi hjj fei dci adj dhj aji bgj ajj hjj dhj ahi ahi iej hhi hih iij hfj hij dhh ajj gjj fjj hhj ech eii hdi bfh dci dbj jdg bgj ajj jdj gji dhj djh jbi ccj dij jaj hdi aij bdh aji bhh fdj iej eii hfj cdg hhj ddj jaj agh iei fcj hhi aaab dih hih dij iig ajj hdj cbj iej bif bfi adj egj fci bfh feg ijh eii fci aij egi hai dhj fdj jdi ahh feg fbi jdi ijh gdf fgi eig ghi fbj jdj jjg dej ahg ajj chi beh ajj fgh ajj bdh jaj ejg gjj hej hej hfj hhj jai aii jdi eii fcj dfi efj hai ggh dhj aaj dii cbj chi dij cjg fcj dhj cfj faj hjj aij bgg fdj jci dhj jfh dij fah jgj ggi efg ajj aaj ajj fdi jij fbj aff aaj aaj aji aih iii bgi aaj hdi jai hgj ijh jeg dbj fbj adj hjj fei gji iej jef chi hdj hhj ajj cej cfj hhj hfj aij bhh jij fci fhi fdh cbi ecg aji dbj chg jjj hhh gej ggf dfi hai hej ajj ifi cfj hjh dij jgj faj dcj hcj ach aji fgi hgi hhj hdj dfi dhj hjj jdi beg jgj chi ach egj hjj hjj aaab jij cei ehi bdh cfj hhh dhj dhj ajj fbj igj aji eag ajj ghi jbi fih hhh fei hcj bdh eii ibf egj jgj dgj feg gjj fah bgi dfi jbj dhj hhi aii igg agh ebh jdj dhj jdi fhh bfi bgi fbj cij ddj iig egj ahi ijh bif bfh hfj fei aji adj gjg aji hjj dci jah dbj jjj heh dah ajj jjj abi igj cfj ech fei ghi gjh efj hgi jbj jhi jjj ajj fdj dfi ghh hhi ajj jdi dfi dfi eii cij hjj jbi hfj dej hgg jbj gej bej hhj cij igh iij ajj gjj jaj heh ebi hdj aaab iei jdj fhi fbj hej hcj fjj jdj hdi bgj jgh jag efg dbj hfg dah dhj jjj aaj hhj acg dij hhj hch fei aaab fdj ajj aji ijh hhi jgj hhi ggh jci hjj jbi ddj ifi jaj ecg aji gji cfj bej igj aaab bgj jaj gfh heh cfj hjj fbi efg jij aji aij ehi eii fgi hjh faj hij cig ajj efj ifi fej eii dfi gig iij iej aaab cij aii ebg gfi hfj feg hhi egj hdi hgi hhj dij dai hjj hej ijh ahh ajj ggi igj ajj jag ijf igj hfj ahi hhj dij jbj gjf hfj hfj dbj jaj ajj ajj iej heh cej ajj fdj cjg jjj jah gdi fah cij bhh ajj aji iij abi gjj hgi dih cdg efg aii iei iji fbj ijh cbi hgi aaj egj dah fbj aaj hej jij adj ajj aji jbj egj fbj fbi hfg iej jfh fci aij ajj aaj aji aaj cij ijh hhj fei cbi fih fbj jah gfh aji fgh ahh ech gjf hcj eii cjg dfg chg hih ajj dhj aih gji dhj fbj jbi ahg gjj aig hih igj dhj bgj ahi fcj hgj aji aaab iej fff cij bgi chg bgj fgi adj iii jgj jdi iij hhj gjj fci hgg dcj hgg bej jgj bfh dii ajj bif jij jci bgj hij cij fff iei hhj jgj aij aji hfj hcj aaab adj jaj bgi jgj dcj hhj ifi hhj fcj adj fbj
ieh haj icg fbj jij bjj jei dfi hjj ccj ifh hbh bhg jjh jgj jcf gbi bhh ffj jjj fbj ifi aaab ggj bgj ceh ajj dfi dhj jih bjj ccj fij aaab aaab ghi fdg ifh dhi hej dij dii edi ffj hfj fbg bjg dhj jai hag dhj afj hag ifh bii dhj ifg gfi fjj hej bbi edj baj ccj bjj fbj fbj fij jjg jji hjj baj dii dhj jih ici edj hag jjh bjj bfj fgj hjj fjj jgh cej edj ghf afg edj bfj bhi edj hej bji hij ddj baj adi fij hig dhj fbj hej bjj haj ehi jei bci aaab eci bih jgj ejh dhj bii jch fdi big hbg bgi hih cej iij bch dbi jih dei dhj dii jdj faj jcj cch eci jbj dhj ejj bcg egg fjj hfj aaab jdj faj hjj bgi gfh jbj jej ifh big igi agi jdj hcg jah dfi jih big bih gfh jjj eci dhj hcj edj edj fjj hfj ghf cfh bgj jei jdg jdj bhi bhi igi ich bih bci fgj bhj dij fgj fdi bgj jbj iif hdh dhj ggi ffj bjj iij ccj gfi bdj ejf hjj jgj bih aij bhj ccj ejj cfj baj fdi dhh ibg bih gfj dei bii bif bih bjj ggi iij iij hjj iif jei ejh aij jei gai gcj jjj jei bei fij dij hij bbj aaab cbj jdg ehi jdh jjj jbj ejj jch hih afj aij ihi eci ceh eci fjj ifg ich cej ici djh hfg ejj jbj cbj hig jjg bhj jbj aji edj ffj jdj jdj jgh ghh bih hbi dfi ddg dii cfj dhj hbi jbi dhj bfj fjj dii hej hfj ghi ddj ggi ifi jah bgj bji gfi fbj bih edi fbg hjj bjj fbj jbj hih ifi fdi bci aij ifi bei fjj jei ihi fbj adj aaab ddj dii ebi ejj eci jci fjj iij hbh aij dhh bih dhi dhj haj hcj dfi aij jdg ifh jcj bih jjh bhi iji ich jaj cej ghi ghi edj bfj fdi dhh dhj ebi jdg igh ejj jdj gcj jdj fdi jjh bjj ifh hjj ifh edj igj bgj ghi bbi fjj hfj fdi ejj hbi ejg hij jjj cbj gbh cfj fbj bgf fij fbg bjj bgj dii bgj fbj dhj jbj cfh bji cfh jdj cch ccj hfj hhg ghi jih ebi dhj hjj fbj eci egg jei fjj hdh hcj ehi aaab hig cfj dhi jdh gai aaj bgj dhh ggi cbj fij eji jdj ifh jjj dhj jej ebh dhj bhj hjj ddg hjj fbj fjj ejj gfh ifh fji dhj aii fdh aij eai hji jbi bdj jai jch aij jhj ajj jbi dhh afh jbj ehi dhj fdi gji dhj hbh big fdi ehi jch eai dhj bgj bih cef jbj jih bih jbj fbj fdh aji cag ghh ajj hej eci ihg hjj bji ejf hig dbh ffj fhi gfj ejj edj hcj jjj ccj bgi agi edj igf jei fdh fdi ghh bjj gei hij fjj ccj dij bhj edj gji ccj ghi ifh ifh bhi cej ahj ggi jih jbj aaab ahj dhj cfj ccj eai jgh big ddj ebi dii gig big hjj djh bgi hjj hbh jdg ejh bgi ifh gfg ggi bhj ghh bgj jej dhj fji dbh dii afj eci hah bgj ieh fij ebh fbj cfj eci fah bdj dbi ffj dii hig igf fag ejh jdg ddj fij fdi ifi gcj bii dhj ejh jjf ghh bjg bgj hej dii bii cej cbj bgj fdh jgj aaab fdi hej fji jei ddj jgh ffj ccj faj jdj dhj dfi jdg aij ifi hjj dij jjh fjj bgj bhj igj ffh hfj dhj ejg hbi cbh hah cej ifh ccj bgj bcg gcj gaj hfg ggi jdh edj iei hjj jdg fdi hcj jjj afh cdi dhj cef hcj hbh jaj gfi jjf fbj dii edj ghh dii hij dei hcj aij fij jdh edj fag ejh fjj fij cfj ccj jjh bhj gei cfj edj hcg hbi dii gai hfj bdj jgi ceh cfj gfj jdg hfg dhj edj bgj ahj adj bcj bgi afg edj hhg djh dfi ejh fij baj ggj baj bji bjj gig gji ajf aij ajj gfj gfi bih edj cjh bdi ffj fdi ghi aaab hah ebi fjj dhi jch ffg gfi eci jei hah cej dfi jbi dgg bgi gei fbj bgj bjj bch aaj jah igj ifi dgg bci aij ccj aaab dei big fdi bhi jdh jih edj baj cfj bji fji ifh fah jbi bji ajj cbj jgj ceh iaj ieh jdh igh dcg aaab jih aaj hfj dji ggj jei bih eci bih ifi bcj ccj bhi hih ajg ejg cej cjh hej bdj bjj jhj fjj dij dei hjj fbj ccj gaj jih ghh eif cfh ihg ifh adi bci jdg jgi adj jei gfj adi ifh jjj fjj bjj cfj cfj edj ghh iij hih aji bef jgj ccj ccj hfj dfi fch bhj fjj djg iij aij ebi jij hej bjj geg dhi iji hfj ifh bjj bji edj ifh aii heh aff ebh ifi ahi aij bhg dhj jjh dii gig hig hfj igj bgj fij ejh bcj iji ejh baj ejj edj iai jej cej hhg bjj igj igf fhi aij gag bjj cfj jii ahg aaab ifi fij adi jbj ifi aii dhj ifh bii dhh ifh hai fjj iji hfj hbi ghh dij ccj bei bdi ahj ghf hjj ejg jdj jjh jdj jei bgi dhj eji fij jjh dhj hch fbj jdj ejh iaj dii jch hej afh jij ceh hag jjj hji jjg hcg hjj bii jbj dhj bcg bji cbj dhh jdj dij cej jbi jei hih dei cbj ifh bjj aij cej dhi jhj bgi dei dhj jgj bjj dcg jei jcj ejj fbj bah bih dhj edj eji bjj iij gei dij ihg jbj bdj jjh dhj fgj bgj hjj fbj aij
fbj aij fhj aaj bgi hbi ahj baj gjh ccg cdg hfi dii idj ejj beh bji haj jbh eej cif ehh gfj gdi aij fbi cdh hij aij ihi bbj egh gjg dfh jhg gjg ahj ahj fdj cch jjg jgi aij cei fbh hbi bih aij gjg haj aij chh aaab adj aij jhj ejj ffi ghh ejj baj ejj bci gij jai fhj eej jgj aij cgj hij daj haj bjj ajh hbi fhj hdh fcj idj iig haj aaf gfj ffi ejj cej hfi edj ajg hbi ebj eij bej jgi ifh dai fjg ibj cej bbj dgi deg fhj eai bjj bih bih dhj gig iig fbi fci idj ihh gfj edh ibj jii gbj bei fbj idj ccj eej fgj eij eij eij dii gii gdi afj eej eej jhj aij aij jai bji ejj jbi fbi aij hfj jii ffi ccj ejj cei jji jai hfi cch jgj haj hdh aih fhj aai fei afj baj fdj eej afj idj eej cai aci fhj hij bji idj jhj fih cei bhg jbh adj jcg bhi ijg idj jfh eci aii ajh hhh aii bag aij efi gjh bjj cei hfj chh egh jah bgh igh idj ibj fci ibj chh daj eej hbh bjh hfj aij hei jii bej bhi dah egf ejj ebg jai ffj jgj hfg bhi eej edh gjg fhj aij hdh jeh ggi jdh cbi agj gii cdi ejj igh jjf ehg ehj ebj bjh iji hij ajh jjh hij fji aaab bei ejj fcj cdi hhh jii ggi ejj gdg ehg aij chj fdj eej ecj dbh ggi haj hdh aij aij daj ahj edj fff agj ccj gij hij igf ejj dgj fhj gii bdi efj fgi ggi beg hcj gdi jai fhj gii ghi jdh jjj fci jji afj ccj ggj ejj eej eej ejj bdi hbj feh gii deg hij aij iif egf bbj fhj hfj ifh ahj hei aij gaj ejj djh cdg iji agj ief ijg hgj aij bjf bci hji ahj ahj haj gdi hij dgi fji ajh dii cei hij gii eai gig bgi eij gai hdj aii iag jjf afj gfh gii agj ejj ejj bjg dhj adj hbi jdi aii fhj dhj ejj fci gjg bbj afh gfh jhg dgj bhi bjj aii hdj aaab hdj hch jah hgj dii aij fgi bjj ibj hcj eij hcj idj adj dii aij bjj ffj jei jeg gaj hcj iig eej hei aaj aaab chh ajh bjj aii bhi bei hdj hij cbi hij hdj ebg ibj hij jei fbh ihh bhh deh cei chh hei jei fhj bjj haj hfg bhi cdi aij cej cgj ehg cfi baj haj jdi iag ejj ejj gjh agj eji fhj jdi hfj dhj fei fdj ffi idj idj aaab aaab jei dgg ehh afj hch deg ehg ccj hij jeh hij afj jhg aif agj hbi hfg fhj jei cbi bfg ejj adj ejg adj ebg eej hbi dii jjj ggi jhh dah afh aij jah deg gai gjg gif jgi igh ggi hih ihi ejj dgg ifh aai hij hih dbh dah idj bjj bbj bcg gfh hih fgj dii bji dah aaab ejj eai ddj jjg jhg fji afh gai haj aaab cef fdj aij cdi aij idf hgj fhj iei fji fei hij jeh bhi ejj heh jai bbj ejj bfi hbj ghf hbj ejj gjh igg jei gig fci egf dah ccj dah dgj hfi fji fhj jdi aaab igf afh cdi jgi hih eai agj adj agj gfj hfj afh hgj gif hfi gai hcj eij aaab adj afj gii fgi chh ehg ejj afj jah chh haj eej ejj bfg jhg gii chh ddj fci hdj ehj hij ejj hch afj gbj edh fhj aij ffi bih dgi jfh baj gaj dii cei cdh fgj fch agj edj bji jji jii ehg gfh hfi djh ahj hfj ghh dgg gii hij gaj afh adj agj daj ahj fdj eej bej ejj ejj aeh ggi bbj bci feh cjh jbi eej adj gjh deg ecj ggj fgi fjg jgj gaj jjj eej hij eih ggi hij idj ejj gdi eij dgi hhh hfi fei eij fei dii agj ejj ffi fji ehj jji dhj haj jjj aii jjj bhi hij ggi daj jjh jgi gfj gfh bbj gjh bhf cif ejj gii chh jjj jjf bjj ejj adj jgi hfi cdi dii ejj jfh gaj cbi fhj ejj egh ijg fji fci edh aaab ejj hcj dgj hdj idf ggj jhg jai gjh cjh haj bbj eij fjf jii ebg fbj djh dgj dbh aij bgi eej dgj ccj bjj gif hij dbj bji ejj ejj hfi jff bjj ebj dgh bih hch ggi dfh adj cgj gij aaab bhf dbj hch gii bji agj hfj gii eih gfj bfg ejj bjj afh bfg bhi ejj aij dgi ejj ibj bji ccg hcj fcj eij hbi dii jbh efh gdi dii ijg cdi fgj aij eej eej ffj gfj afj eej ejj idg edh bji afj aij jji fih ejj ejj gdi eej fgj jbi faj hbi ibj cfi fhj eij dhj hcj hij eaj bjj bjj eej ccj eej hji dgi dii bhg efj cfi hfi cej cgj ibj bci cjh aii hgj hbj hfj hfi aij jhg cdg cgj haj ehh hfj ghh hfj ihi fhj gig hgj faj idj dgj fbj eij daj fbh aaab igh dgi gij ghi aaab bej fhj idg chj bjg cdi haj ejj dgj ccg fhj bgi ibj jaf ibj chh hij gjh ccj cfi ejj ejj afj fei eij eai bjj bjf hfj cfi cfi afj dii chg agj fdj ccj aij dgi jah ffj fdj gbi igg cei efj bhi ejj dbj hch aii egh ibj ejj haj cej ehj hgj hgj eci fci jei ibj bgf beh jii eej iig bjj hij bhh gjh fcj jbi ajh baj dbh cjh jdi jdi eej cej gjh aij adj hhh hij ihh fhj cej bgi ihi hij ejj fdj
cii djj aaab fgj chi bgj cfh fgg fij chi fij bgj cdi aci idj jdh hjj afj jgf bcj igj hfh djj hjj egi hjg aai ici gdh bdj ecj fhh fjj chi ihi gjj ccj dig gei dei jeg djj hii hfi iff fjh acg cbi cbi igi gfh cdi bej fij iej bgh bej jbh dfi ghj fij ehj djj bdj fij dfj fai bgh fij bej fij ihg fbj fjj gji gji ghj haj ifj chi gii gji jjj cji cai gdj gdj cji dij fjj dfi gcj eff eeh hgi ihg hfg agi jah jjj fgj fij fjj ihi bcj adg djj baj ajh hjf igj icj djj fij cfj fij hjh gji hjj gji bfh ihi ieg agi gcj fai gcj bbj cbi fij fjj gjj ghj hjh jjj bdg geg djj hjj hjj fhh cgf iji hih cij fjj fij igj cij gjj aaab agi ghj ccj hdi fgg ibj hei deh fai dfj gcj egj egi hjj ecj aaab ghj hjg cah hfi ghj big iig haj igi bcj fij cfj cdi hjh bdj agi chj hjj afj afj agi ahi djj bcf hgg ajh bbj hei fei jji afj gch fhh fai bjf icj bhg cij aej ihi gjj fjh cfi bdj egi cij fbj fij bbj iej ghj hgg gcj egi fjj bdj fai iji cfj igj fij gjj igj chj aai fhh hei idj jcj dij gcj daj jah dij fij ghj dii fij dfi bgj egj fgg cji gbj fgj adh jcj gbj djj igj aci fai dei fij aci haj bdj egj hih gbj jdh afj dfi aai aig djj aej ifj chi aei fhj big fgj gcj jaj eii gii fbh fhh aej chi gdj igi fij ahi dfj fij cji jeh chi dci ibj jdg dci cji jhf egi bii dhg ffj bdg jjj gbi jjj ghj fij gfh big fij igj hei daj dig daj chi ebg jeh jaj geg jcj gch bej gcj jjj cbi hii jbj ghj ghj ihh bhh gej ffj iej fij bej ejg jji daj bhh fij hjj igj jaj idj haj daj igj ici fij fhj cji jbh hjj aej agi bgh gfj fbj jcj bjg eeh bgj chj cij hah hii ici idi cff fai ihh dhf jjj acg ifj fai agi ddh bbj dhf igj fhh bcj dhg djj djj aej igj jii ddf bgh hii fdh cij ihi fij bji ajh fij idj bdj bdj bfi jeg cfj aaj egj ifj egi ifj cbi jjj aai ecj dij ffj fij aji fij fhh bdj fij hdh afj dfj jif jah eii hjg ccj bgj bii igj ifj ihh gjj hjj hfg gbj eii hih fhh eji egj cef afj jjj gef bji aci ffj jjj hfi dci fai chi ghj ehj hfh cii fjj fij agi gjj hfh egi ghj ihh djj cji fij hfg jjj hih aaj baj daj fij cji haj ghj daj hah ccj hii gbj ghj bhh hhi chi bej igj hjj fgj hgh baj hjg aaab dag aai chj fjj dci ihi fhj ehj gji beh hag iej fai fij gei hjg bhf hih bcj gcj dfi ifj dhj bdh aei ibi jii ccj hgh egj ihi ghj hfg ebj igj fhj daj bdj hfh bej gcj hjh ihh cji ecj aaj igi fhh bbg cji fbh chi ccj fai jjj cdh fij bhh bgj fai ghj aaab agi cji bdg gjj bdg fij jah egi bif hjj gfg fhj dhj bhh bcj jcg gji igi daj ihh bbj jeh aaab geh ihi iej dij agi fij djj bfi eji hjj jaj dii jbh dhj fgj daj dci gfj ccj gcj chj bdh gch iej dci hjj cji jjj fgj hfg afj dfj egi hfg gfj fij beh bhh ihh gji jbh dfj hjh fij bgh hgg fgj gji ihh jaj deg cai ihh gji chi fij haj jaj bgj cei aei gci fjj cij hfi acj fhj jig igj ihi bej dag jbh fhj jbh gef bhj bdg dfj hjj bhj fij dfh fij hii djj dbj bhg gbi dai fei bdj ghj jjj geh jdg afj ghj hfg daj bii fai jaj ghj fjh dbj bgj afj fij fdh cfi jaj bhj hgh ghj ihi eeh dfj bdh gbj jcg aaab ibj fij bej ajh dij bgh bgj hbi bbj ghj hjh daj aaab jjj fah jjj bdj hjj hii fij afj afj chj bhj fij hei bgj bej bdj ifj iej agi gji aaab bgg ghj ahh ici dai gei hii ibj hfg eeh gbj gdj haj ihi aaab eji aaab gfj eii ejg cbi bif cdi ehj egj hgh hgh dfi bgg hei dfj hih hfi hag gfj fij fai gef aei bdi ihh hjj eji fbh aai hgi ajh gii fij aej jjj jdh fij bgh hjf igj hfh dfi jii ihh bej hhi bdj fai daj eii dhg hfi ecj hjj egi acj fbh gcj djj hag hjj daj hih hii bgj cij daj fij cfh fij fij acj iej gch fij aei agi bfi gej bej haj fij igj ajh bej jcj aei gji afj djj hii eeh dhg jeg eji hjg bhj cji fhh ihh cij igj afj bhh bhj jcj fbh adh egi djj jah gch chi ebj dfi geg aci hgi fij idj chj egi dfj jah hjj bgj gdj fij hih ghj fij dci cbi chj igj gej ajh gji iig ihg jeh dei gdj dci fij fdg fij fai aaab bcj ajh fhj fij gig fcf gji cdi bcj hih ech agi dah hjg gfj hgi dfj haj fah dfj fai eeh idj fgj bgj afj idj iej hjj ghj baj dij bcj jbh hfi fij daj hjj jbj jji ghj djj ghj ghj hjj fjj ecj cij bej fij bgh egi ghj gjj chi bdi hei gci fgg fij bgj gdj aci fgj daj bdj gfh ffj aei chi dfh fij dhj chi bjg bej jjj jcj ghj ihh bgh hfg gej gbj aai dhg jii ffj
